// Vitest Snapshot v1, https://vitest.dev/guide/snapshot.html

exports[`Directory.hashes > produces the expected result 1`] = `
{
  ".gadget/": "291c523421f3b1068eab749a5fcba60fc772e159",
  ".gadget/client/": "d2a04d71301a8915217dd5faf81d12cffd6cd958",
  ".gadget/client/dist-cjs/": "ec84374d48ba0247f9dbed026dda8c9d3fb437fe",
  ".gadget/client/dist-cjs/Client.js": "6260c498f83947232000d292f65112b7fd4bf50c",
  ".gadget/client/dist-cjs/Client.js.map": "dcdade29e38dffc8c8e542d7ebb66215ba936f17",
  ".gadget/client/dist-cjs/iife-export.js": "4f7d5758d82f183756db4f097501a2fd7a23aba4",
  ".gadget/client/dist-cjs/iife-export.js.map": "a277f53a4f8a7f121efe20416df94612bb052cb2",
  ".gadget/client/dist-cjs/index.js": "a4e2ffd8cce5c86fb36606070b6973024b4d9d99",
  ".gadget/client/dist-cjs/index.js.map": "2f4237eac068b1d5f0e75a94fc9ed0e65b2858e1",
  ".gadget/client/dist-cjs/models/": "5ba2688dffd71df813a468578a87c653e1575e1e",
  ".gadget/client/dist-cjs/models/CurrentSession.js": "6ad2fae41e3df8aafad628180ad548b88a50c357",
  ".gadget/client/dist-cjs/models/CurrentSession.js.map": "111265b706d8e8b75a3fbabaa9af4e37d8962f4f",
  ".gadget/client/dist-cjs/models/Session.js": "c2830cc59172bb3b24a993e21acb3bf5c8f635d5",
  ".gadget/client/dist-cjs/models/Session.js.map": "bf7aa625dbc98bf513237590e7e8a349c4f46904",
  ".gadget/client/dist-cjs/models/User.js": "8effba84cf8c805f95d06d00fff35ac879c7a270",
  ".gadget/client/dist-cjs/models/User.js.map": "4f00706aa5c41ba77ce5d8ff31a02753fcbe5c45",
  ".gadget/client/dist-cjs/package.json": "97769678d39e7056e89842f2bef4360f1a526bce",
  ".gadget/client/dist-cjs/support.js": "424931a8484cc628eb035d1daa4fa63c05e3ad45",
  ".gadget/client/dist-cjs/support.js.map": "79accd2f3fbbac2f3b628a7ec55a9b4690ae0b68",
  ".gadget/client/dist-cjs/types.js": "7d1e9448b524554ac0a14ce17f4a42b376c3d753",
  ".gadget/client/dist-cjs/types.js.map": "17253ab17e10ede72f8c89b9137cc7f1cb544545",
  ".gadget/client/dist-esm/": "762b19857fedc4e8e472f9584a26f5d6572aeb50",
  ".gadget/client/dist-esm/Client.js": "4a630ad7d5ae077ddeaf07ea6fa76235927c28a7",
  ".gadget/client/dist-esm/Client.js.map": "7b4cb71d365eeebc86371c6c34bc2d500787bb86",
  ".gadget/client/dist-esm/iife-export.js": "ea3fe0585dd4dd76756d703ebf670d3343851019",
  ".gadget/client/dist-esm/iife-export.js.map": "190c5565318744e907e85e177ff5df51593b971c",
  ".gadget/client/dist-esm/index.js": "571eb8fd2072886f72b5ffc2623a05a1761c4352",
  ".gadget/client/dist-esm/index.js.map": "05aea8a1d26d17f93fcf6f6844ba28e14598a8b0",
  ".gadget/client/dist-esm/models/": "5ba2688dffd71df813a468578a87c653e1575e1e",
  ".gadget/client/dist-esm/models/CurrentSession.js": "76e9f7af436972cf485d61ec8c93150e8397d65b",
  ".gadget/client/dist-esm/models/CurrentSession.js.map": "d1a94bdc1f211329c4fef461c4cbb4f2d79162ea",
  ".gadget/client/dist-esm/models/Session.js": "21ad5dc38ed5c8d8dcb6a998db1d52871fde58d6",
  ".gadget/client/dist-esm/models/Session.js.map": "ac4d09e251a526037c03efb41c154078a0310484",
  ".gadget/client/dist-esm/models/User.js": "e723bf85b7d0c3b0efd8056406c143801b5aff33",
  ".gadget/client/dist-esm/models/User.js.map": "12d189787e06ff3fe0eaee338faf605e6f6d8d37",
  ".gadget/client/dist-esm/package.json": "7c78aace5bc5e7d7eef5dc1358690977651c26fd",
  ".gadget/client/dist-esm/support.js": "032026eedd246a2f42f1c82134a06905400324ff",
  ".gadget/client/dist-esm/support.js.map": "fb61d13aa93302b594b489363a15a334d7a9acc2",
  ".gadget/client/dist-esm/types.js": "e42db2f7f248ef8dcda652729560ca440ba1c0fe",
  ".gadget/client/dist-esm/types.js.map": "e52475debaca7c7fd8044db80eb312132d2c34c4",
  ".gadget/client/package.json": "1291492c2f76069bd58dcf9341a3bb06694388dd",
  ".gadget/client/src/": "f27fede2220bcd326aee3e86ddfd4ebd0fe58cb9",
  ".gadget/client/src/Client.ts": "a0c35b5ef0bb04b94339d25df3d3c3c5de369689",
  ".gadget/client/src/iife-export.ts": "20eaf669666b1c19521e0f2f9a13e6ba80a656d0",
  ".gadget/client/src/index.ts": "b660e70b13d16f075f901cc9a11f06097163fccd",
  ".gadget/client/src/models/": "5ba2688dffd71df813a468578a87c653e1575e1e",
  ".gadget/client/src/models/CurrentSession.ts": "1102729ddfdd4c715252d9af08ab26ed1063b54f",
  ".gadget/client/src/models/Session.ts": "944e76e2364b9d8de052aa319729f57e748ad882",
  ".gadget/client/src/models/User.ts": "260da443253981bd8ff664d367a535dc81a9bbf4",
  ".gadget/client/src/support.ts": "719c1972b31fd315a48b6e3b00cef9bd2e2ddf8f",
  ".gadget/client/src/types.ts": "84ad0e234ce7ebb4f18305185562809a9bb1d09a",
  ".gadget/client/tsconfig.json": "f04270e83ecef6cee4c3ccca26dff1cd987b46e1",
  ".gadget/client/types/": "e7b1fff7007b635892a8f2c7c17f4fabc7aa2f8c",
  ".gadget/client/types/Client.d.ts": "8676d573218ea1e1a253109ef0277dfef2cadc12",
  ".gadget/client/types/iife-export.d.ts": "491afa97ccee42c1a008ae7b83eacc8f7b1542e0",
  ".gadget/client/types/index.d.ts": "fed3b5b7d3994dfbcf348ff345ca2fde435928d6",
  ".gadget/client/types/models/": "5ba2688dffd71df813a468578a87c653e1575e1e",
  ".gadget/client/types/models/CurrentSession.d.ts": "8ea1dbd6aa19112fa20d8e1e08a39f889f7e67a9",
  ".gadget/client/types/models/Session.d.ts": "d5d0dae1bf72851a344f5e1e2a577036379f6f10",
  ".gadget/client/types/models/User.d.ts": "f159a1c68394468776ce286249e079a7497d7b0e",
  ".gadget/client/types/support.d.ts": "ca9e9c69058d83b7892e7a9643fc63f4fb0452d2",
  ".gadget/client/types/types.d.ts": "eed2ade73a27acbf66edda42a2f910eac95304b3",
  ".gadget/server/": "3de4f901fffb30ac720b0e7eb654b4faa2dd03fa",
  ".gadget/server/dist/": "024500726b0338bc6cd058d72a8ba911f248bd1f",
  ".gadget/server/dist/AccessControlMetadata.d.ts": "411989881fabe0b1ffef678179f601b994ba3137",
  ".gadget/server/dist/AccessControlMetadata.js": "15fd7eb37babb311669a5ef21e8d6d55677e96b9",
  ".gadget/server/dist/AccessControlMetadata.js.map": "836b9ca3b5d4786fbbf5d2363da53829898d6927",
  ".gadget/server/dist/AmbientContext.d.ts": "2de86784727c826aab328146ece082b885702e2f",
  ".gadget/server/dist/AmbientContext.js": "a8ac6d3bd1cf15a3533caf582f1c98a9007a3624",
  ".gadget/server/dist/AmbientContext.js.map": "2a8405c0960b5c2681fc7891131a7cbb5eee54b2",
  ".gadget/server/dist/AppConfigs.d.ts": "0a429c4e2f1167d8b950e1cfaf14315b469073fc",
  ".gadget/server/dist/AppConfigs.js": "e37ca1c414b48cf7b078748aa3959f92ed034d4d",
  ".gadget/server/dist/AppConfigs.js.map": "a78bcc0f6854172c08720d2e8549af159a66cbf1",
  ".gadget/server/dist/AppConfiguration.d.ts": "05916c72eea0ef8d5aab75f6014f7dc03f50ab33",
  ".gadget/server/dist/AppConfiguration.js": "2892bccd629fcba9788f72386f7e193f38d3f92e",
  ".gadget/server/dist/AppConfiguration.js.map": "e13b6e755de1460acf5ab70bce7136f123dd9c83",
  ".gadget/server/dist/AppConnections.d.ts": "6d3b95ea38f77be649513f72c74255d8fc25dff7",
  ".gadget/server/dist/AppConnections.js": "4483f6d7153efc38c774093c89e386fa17f84542",
  ".gadget/server/dist/AppConnections.js.map": "1e0daea7eb1f9602134117fb47efd23def43cd20",
  ".gadget/server/dist/Session.d.ts": "48a819e4cec037e680db5e3c4c4eacd9db243ef2",
  ".gadget/server/dist/Session.js": "351f08bd210741cf53c91c5b559985a41283d5e4",
  ".gadget/server/dist/Session.js.map": "93390323792f8109aa48bf111fdf672ebadd6d17",
  ".gadget/server/dist/ai/": "141a92417f71895e56c4a5da05f3e98fc78e2220",
  ".gadget/server/dist/ai/index.d.ts": "8d8b0a4abfc390f01081732ffa267d78f7d81194",
  ".gadget/server/dist/ai/index.js": "a0022e862c9f0d289b716f44f9590605056865aa",
  ".gadget/server/dist/ai/index.js.map": "6ac63caa4736b803b9487beb2e316f040981a77c",
  ".gadget/server/dist/auth.d.ts": "77764831853bbbbf64972126ec7e8c2cc2dfaa39",
  ".gadget/server/dist/auth.js": "7b0f14c1e447c0650e9999985dcb7fd43137f928",
  ".gadget/server/dist/auth.js.map": "73dac738a7a35111f5c462b8fba79c32812f6a98",
  ".gadget/server/dist/effects.d.ts": "ac4b9e4ec1fbeeaec4691e98b5cb45964647ff0c",
  ".gadget/server/dist/effects.js": "8aeb31eeca8ff0155dc4ad5d6ccb7690978014c2",
  ".gadget/server/dist/effects.js.map": "61463d6bda165fae3669ecaf102a1d84abefab38",
  ".gadget/server/dist/email-templates/": "0c739a8f5364bd67682d2f02fb9a4c98d9fd722a",
  ".gadget/server/dist/email-templates/index.d.ts": "09b0f59fb78d5c51ed447cbae71d92fe51557d19",
  ".gadget/server/dist/email-templates/index.js": "efa83f2ef9d531df837fb35b71fcd09092a3d8bc",
  ".gadget/server/dist/email-templates/index.js.map": "c6c1899f6435de434b3eabece59eede13ab95c99",
  ".gadget/server/dist/email-templates/reset-password.d.ts": "a5ca2ec8df7e81af94c0e5b2d53c8627c6bf5bb6",
  ".gadget/server/dist/email-templates/reset-password.js": "4d6a3a85049400a75152d4bd3019a12cb8421718",
  ".gadget/server/dist/email-templates/reset-password.js.map": "7c9605f9284f76099b7a407f57839b8858eb69e8",
  ".gadget/server/dist/email-templates/verify-email.d.ts": "4668e43e008b41ccff002c5680d45dae6aa2a7be",
  ".gadget/server/dist/email-templates/verify-email.js": "ab5ed3851508a91ee3d1629caaff1e6ee0a5ff49",
  ".gadget/server/dist/email-templates/verify-email.js.map": "bfc512333075c4bc49e5c59446b24cb47b5d582b",
  ".gadget/server/dist/emails.d.ts": "497af4a371f564f8e6213f6e663f1c6aa74ecc7d",
  ".gadget/server/dist/emails.js": "83e5edab24e0cacdce456310a684bf0dc0770748",
  ".gadget/server/dist/emails.js.map": "56165c769815fccc1569eca598f4062d4de6f2c1",
  ".gadget/server/dist/errors.d.ts": "8a5c379dad95cb0d84009b84a8fbb35929fd15d4",
  ".gadget/server/dist/errors.js": "b94209ea0e5c595bc332fb42ca567c5556e7674d",
  ".gadget/server/dist/errors.js.map": "37c5155496d8390f8e50785fb5243c835fec1195",
  ".gadget/server/dist/global-actions.d.ts": "f740f7d15d19ce88a5f437a2403dedf256cff4eb",
  ".gadget/server/dist/global-actions.js": "d73db1c7ddedeb2dc5e4ccf2bf3631ed2e3b794f",
  ".gadget/server/dist/global-actions.js.map": "3837105a3d0a47da47074d33f99be5fd96fb610f",
  ".gadget/server/dist/globals.d.ts": "4410e77c28f3e0565ca7c04c7bcd8c9441154769",
  ".gadget/server/dist/globals.js": "253ed92ec40174549b871309235704320c941393",
  ".gadget/server/dist/globals.js.map": "323dc317ebea5e2aa9290966157a9c238526fb15",
  ".gadget/server/dist/index.d.ts": "ba1d187452bf541687297845288fcd5d1431425b",
  ".gadget/server/dist/index.js": "764af9f784de8a2d8b8162c610dd819bc4f3a043",
  ".gadget/server/dist/index.js.map": "cdd6d6f659737ec31693fc779318c68f2edeae03",
  ".gadget/server/dist/metadata.d.ts": "871224e3abd604ce0d919f57b2760614b9950419",
  ".gadget/server/dist/metadata.js": "5f842c0fba8a82a9c3d6514dd56e8eca647e2112",
  ".gadget/server/dist/metadata.js.map": "f656fa5174e2ecb0a7806a7b150036c0db7dceea",
  ".gadget/server/dist/models/": "5ba2688dffd71df813a468578a87c653e1575e1e",
  ".gadget/server/dist/models/Session.d.ts": "091a81de7691cfac3ce017d527d9d598f3b84767",
  ".gadget/server/dist/models/Session.js": "9fff625a2a311cafdf6ca62c14c7b90056766f52",
  ".gadget/server/dist/models/Session.js.map": "e0108bb35996655dd63b4e3ee9a42b18494582d6",
  ".gadget/server/dist/models/User.d.ts": "44a139b561d5b611a3c28d5f27547c6eb74c1a92",
  ".gadget/server/dist/models/User.js": "d9f5312dda8597721702c9bbbd297cfbe1eb4bf5",
  ".gadget/server/dist/models/User.js.map": "6384acd23c4461a6dbd946fd753e5052706f119f",
  ".gadget/server/dist/nodemailer-transports.d.ts": "5792991d7a871c071fa5b34ebe179d6563067749",
  ".gadget/server/dist/nodemailer-transports.js": "4ead24dad45c43443efacfffef455f87fc0c1f04",
  ".gadget/server/dist/nodemailer-transports.js.map": "e6c137b58f9d8d0c5a1956ee2676e48a37b66e53",
  ".gadget/server/dist/routes.d.ts": "e35bdeb0f2a627092906ae2b6794f0a45eddea2c",
  ".gadget/server/dist/routes.js": "40ee868812c9628130145e1ca471e91426bef513",
  ".gadget/server/dist/routes.js.map": "8ad872fd35590375fdaa1f47db5bf21346494ea3",
  ".gadget/server/dist/state-chart/": "3e48e1e6b374a7537fa1d4f8d9740f3fd877e023",
  ".gadget/server/dist/state-chart/StateMapper.d.ts": "4c9216dc39668a70e949dbd9694d4673bfaed31c",
  ".gadget/server/dist/state-chart/StateMapper.js": "931d03383d604c55daa03e0157199ada9a0d0dc7",
  ".gadget/server/dist/state-chart/StateMapper.js.map": "22abd3f479353cf7ab097c4306ecd5e2ded33e8e",
  ".gadget/server/dist/state-chart/index.d.ts": "67f1e96bdb2d599dab6e5aa643219fd356ccf1a9",
  ".gadget/server/dist/state-chart/index.js": "c25ce7f850b0c3aa1b3a6154202e390c587c7965",
  ".gadget/server/dist/state-chart/index.js.map": "0c19502aed9a69ae274441787732cceee7abbc87",
  ".gadget/server/dist/tenancy.d.ts": "9ee204edbda681d964dd78d411234c4469856d62",
  ".gadget/server/dist/tenancy.js": "c2dd47b3e44dc2f39cdd7aba017ca4df59a278dc",
  ".gadget/server/dist/tenancy.js.map": "89f1c6a51a354a25c345a317a85c7847556db193",
  ".gadget/server/dist/types.d.ts": "4049d066ead4c91cba4786e072a4d5eb031fc88b",
  ".gadget/server/dist/types.js": "408120d16973f99391211021ad78f05d4f182487",
  ".gadget/server/dist/types.js.map": "98842208516de3b651da910f3799db4d1ead3911",
  ".gadget/server/dist/utils.d.ts": "c12bff7c9be3af5385f0cc9fdd354bbe4eaf45f2",
  ".gadget/server/dist/utils.js": "31ffd2c583ea05d732fc68db4d82119158bf8cac",
  ".gadget/server/dist/utils.js.map": "88317b93d93fab819a2e7f97206d2d3b8ac52c52",
  ".gadget/server/package.json": "5ba4b9b62d20d8237ad096b6ad45b78511150306",
  ".gadget/server/src/": "f27fede2220bcd326aee3e86ddfd4ebd0fe58cb9",
  ".gadget/server/src/AccessControlMetadata.ts": "656a25f2c0d2507dd90a0ffd4a77cbae760c6539",
  ".gadget/server/src/AmbientContext.ts": "14098dad6f29ef22919315943e45fbc52e0898f5",
  ".gadget/server/src/AppConfigs.ts": "e557ae24297bcb5b8d5a4d1a0acfb41aba9c89cc",
  ".gadget/server/src/AppConfiguration.ts": "9a4ccc11982e68f09e7fde7d6c0defa3641627ec",
  ".gadget/server/src/AppConnections.ts": "ff674262011c98d48afb192fa69387016ec83640",
  ".gadget/server/src/Session.ts": "24f88856119c89ce81c49e1ca2c4e60ec4ad63ef",
  ".gadget/server/src/ai/": "141a92417f71895e56c4a5da05f3e98fc78e2220",
  ".gadget/server/src/ai/index.ts": "77c42374e54d825bf10f250482c9dc13ab51eab7",
  ".gadget/server/src/auth.ts": "cbaaa243450f6b2abdd86d307790e2c221ef4c6a",
  ".gadget/server/src/effects.ts": "d34139c6c74706a94096c14117e575181f7ec48e",
  ".gadget/server/src/email-templates/": "0c739a8f5364bd67682d2f02fb9a4c98d9fd722a",
  ".gadget/server/src/email-templates/index.ts": "6d89231abfe5715e5bd21bf7320454a7f49b9293",
  ".gadget/server/src/email-templates/reset-password.ts": "be0bd4524861deb34bd209892ada14d1b70f362e",
  ".gadget/server/src/email-templates/verify-email.ts": "08f0df284391edf153262ac6ae27313865ff71b3",
  ".gadget/server/src/emails.ts": "caea7dddba423ff45440ae86765cc20cae5494a9",
  ".gadget/server/src/errors.ts": "4bbbe639ce05911bca6cf16cacefc770e15d1d87",
  ".gadget/server/src/global-actions.ts": "7c717151225c86cff26460126a8cf088d7f80a05",
  ".gadget/server/src/globals.ts": "f6a44648a8d95e8038964aa6bd79f3274df8423a",
  ".gadget/server/src/index.ts": "693870c6f54226f9dc1aafef9b6bffc5ef3f5a42",
  ".gadget/server/src/metadata.d.ts": "ed40441ff14a7927b3c24bcd9c6857a5516ce964",
  ".gadget/server/src/metadata.ts": "1eb0079946a713d871b0b505c043b704fb03d690",
  ".gadget/server/src/models/": "5ba2688dffd71df813a468578a87c653e1575e1e",
  ".gadget/server/src/models/Session.ts": "90a3bd25119c6f42facbca9cf4dbf963da9a90c7",
  ".gadget/server/src/models/User.ts": "12ec7484f4b18f40bf3cf9b649e10be4101c4cf5",
  ".gadget/server/src/nodemailer-transports.ts": "e94e0aef40b9f13a2b1442160678e3c494823332",
  ".gadget/server/src/routes.ts": "8cb0cdbb63148eb51da4d05090358096facd3dd3",
  ".gadget/server/src/state-chart/": "3e48e1e6b374a7537fa1d4f8d9740f3fd877e023",
  ".gadget/server/src/state-chart/StateMapper.ts": "bfc294dfb5dd6562a0e9db9447bd5b961c47791c",
  ".gadget/server/src/state-chart/index.ts": "3acb54516977e9c7e85fb1efd1edc09ef47a97fc",
  ".gadget/server/src/tenancy.ts": "24bb1b01e5ff0bd979b1992abfe54d5b322fe2fc",
  ".gadget/server/src/types.ts": "07de1ad9e876a158025d2bb99bac410701043a4e",
  ".gadget/server/src/utils.ts": "4e3c290f517d8938df20591eeb514af4f0aa11ba",
  ".gadget/server/tsconfig.json": "3b4f06cec2efdf49782f285add0592c1f6b1e25f",
  "frontend/": "9ecc8459ea5f39f9da55cb4d71a70b5d1e0f0b80",
  "frontend/App.css": "a26e57067a0ba004949ae2cd95747356a3781295",
  "frontend/App.jsx": "ea5936c63941a2525858f5c14eb0666887aa4189",
  "frontend/api.js": "a8b4f71ef297fd4f2a5fa1c22b30bd9fcd4ddb97",
  "frontend/assets/": "3685e330ec5277a9dd5661c61f2bc55811f5a628",
  "frontend/assets/default-background.svg": "f4b09357c7f41e7e9be35d4b620ebb7682784281",
  "frontend/assets/default-user-icon.svg": "061c5b76d9495a290e6ba9abf0ae56b4c59b73c4",
  "frontend/assets/google.svg": "51a3c88fdb3ea2c6d9f546789f05d2f73a2f01a0",
  "frontend/assets/react-logo.svg": "59c56ea90ec4347ceec2b22f0aae24c852b524e5",
  "frontend/main.jsx": "946a1e65deda046f8b9743e608ea2b0afefb9ad2",
  "frontend/routes/": "9e2c05b0ce117ad468d9a4e577e7ae96c67e4bb4",
  "frontend/routes/change-password.jsx": "2b8721ac82fc625a42c525cbc1a7e658aa13135a",
  "frontend/routes/forgot-password.jsx": "7e76af992fd613a4fca355dc9bb7d8fa35b1193f",
  "frontend/routes/index.jsx": "4bc00127af74844db47800910f33709e22492184",
  "frontend/routes/reset-password.jsx": "61538c85d832a95a551d282c7b72fdfe25cfe8b3",
  "frontend/routes/sign-in.jsx": "b9f6c154e30bcbbca82e8c7cbe995fe1a618d8d0",
  "frontend/routes/sign-up.jsx": "8b5191e7c21676c654530d741aef54710c88b4fe",
  "frontend/routes/signed-in.jsx": "741ede6fedb710bf7d08c5cb9e02898ffd52bca6",
  "frontend/routes/verify-email.jsx": "6340df942792a80260a27137ebcb40260aca4639",
  "index.html": "0deb686b6ae7e00bc4433537717ba7d1f7ebce43",
  "package.json": "6f9e671f641b53952364fe418eff824d622538bb",
  "routes/": "9e2c05b0ce117ad468d9a4e577e7ae96c67e4bb4",
  "routes/GET-hello.js": "f590a388903c629d048e9fea66d720b7684c27a6",
  "user/": "12dea96fec20593566ab75692c9949596833adc9",
  "user/actions/": "326b426f9ac7a96ed6baf62f8838565416d27df8",
  "user/actions/changePassword.js": "e4d487fccd8995fd689ae544addacf4cce334e8f",
  "user/actions/delete.js": "0df8502b680af7f01fd7959c92290cb8783b0be4",
  "user/actions/resetPassword.js": "2a397da83e8380564d2fb572be1a803ff0d8a376",
  "user/actions/sendResetPassword.js": "1e1509e4973098cdc6b09f6673af15ff9302bedf",
  "user/actions/sendVerifyEmail.js": "67b55881a79ca9a50da7d9ae382363a522511278",
  "user/actions/signIn.js": "2de53328201a3892eca44faac6535f8fcb1ee3cb",
  "user/actions/signOut.js": "ab536252297face854c04853f5108846a1a4f750",
  "user/actions/signUp.js": "d2d5e719589d366f5b2874a738b862e8bfacce2f",
  "user/actions/update.js": "d237e78f4e488ee8bf4ad5562b37c078863c3977",
  "user/actions/verifyEmail.js": "b0c2602ab378ea3e63b0e28d7936eb4ab9a16d26",
  "user/filters/": "9ce5ff458c686cc5e9436295af1c60fa27be6140",
  "user/filters/tenant.gelly": "1cf1a5d9d7b5b6003b8306b2235849ea80795ac9",
  "vite.config.js": "4aea709888fc922f21e087549115c89dca5e2861",
  "yarn.lock": "c4803c72d2e4888b4378fbc2cf2e1a1042f77d3c",
}
`;

exports[`Directory.hashes > produces the expected result 2`] = `
{
  ".gadget/": "755",
  ".gadget/client/": "755",
  ".gadget/client/dist-cjs/": "755",
  ".gadget/client/dist-cjs/Client.js": "644",
  ".gadget/client/dist-cjs/Client.js.map": "644",
  ".gadget/client/dist-cjs/iife-export.js": "644",
  ".gadget/client/dist-cjs/iife-export.js.map": "644",
  ".gadget/client/dist-cjs/index.js": "644",
  ".gadget/client/dist-cjs/index.js.map": "644",
  ".gadget/client/dist-cjs/models/": "755",
  ".gadget/client/dist-cjs/models/CurrentSession.js": "644",
  ".gadget/client/dist-cjs/models/CurrentSession.js.map": "644",
  ".gadget/client/dist-cjs/models/Session.js": "644",
  ".gadget/client/dist-cjs/models/Session.js.map": "644",
  ".gadget/client/dist-cjs/models/User.js": "644",
  ".gadget/client/dist-cjs/models/User.js.map": "644",
  ".gadget/client/dist-cjs/package.json": "644",
  ".gadget/client/dist-cjs/support.js": "644",
  ".gadget/client/dist-cjs/support.js.map": "644",
  ".gadget/client/dist-cjs/types.js": "644",
  ".gadget/client/dist-cjs/types.js.map": "644",
  ".gadget/client/dist-esm/": "755",
  ".gadget/client/dist-esm/Client.js": "644",
  ".gadget/client/dist-esm/Client.js.map": "644",
  ".gadget/client/dist-esm/iife-export.js": "644",
  ".gadget/client/dist-esm/iife-export.js.map": "644",
  ".gadget/client/dist-esm/index.js": "644",
  ".gadget/client/dist-esm/index.js.map": "644",
  ".gadget/client/dist-esm/models/": "755",
  ".gadget/client/dist-esm/models/CurrentSession.js": "644",
  ".gadget/client/dist-esm/models/CurrentSession.js.map": "644",
  ".gadget/client/dist-esm/models/Session.js": "644",
  ".gadget/client/dist-esm/models/Session.js.map": "644",
  ".gadget/client/dist-esm/models/User.js": "644",
  ".gadget/client/dist-esm/models/User.js.map": "644",
  ".gadget/client/dist-esm/package.json": "644",
  ".gadget/client/dist-esm/support.js": "644",
  ".gadget/client/dist-esm/support.js.map": "644",
  ".gadget/client/dist-esm/types.js": "644",
  ".gadget/client/dist-esm/types.js.map": "644",
  ".gadget/client/package.json": "644",
  ".gadget/client/src/": "755",
  ".gadget/client/src/Client.ts": "644",
  ".gadget/client/src/iife-export.ts": "644",
  ".gadget/client/src/index.ts": "644",
  ".gadget/client/src/models/": "755",
  ".gadget/client/src/models/CurrentSession.ts": "644",
  ".gadget/client/src/models/Session.ts": "644",
  ".gadget/client/src/models/User.ts": "644",
  ".gadget/client/src/support.ts": "644",
  ".gadget/client/src/types.ts": "644",
  ".gadget/client/tsconfig.json": "644",
  ".gadget/client/types/": "755",
  ".gadget/client/types/Client.d.ts": "644",
  ".gadget/client/types/iife-export.d.ts": "644",
  ".gadget/client/types/index.d.ts": "644",
  ".gadget/client/types/models/": "755",
  ".gadget/client/types/models/CurrentSession.d.ts": "644",
  ".gadget/client/types/models/Session.d.ts": "644",
  ".gadget/client/types/models/User.d.ts": "644",
  ".gadget/client/types/support.d.ts": "644",
  ".gadget/client/types/types.d.ts": "644",
  ".gadget/server/": "755",
  ".gadget/server/dist/": "755",
  ".gadget/server/dist/AccessControlMetadata.d.ts": "644",
  ".gadget/server/dist/AccessControlMetadata.js": "644",
  ".gadget/server/dist/AccessControlMetadata.js.map": "644",
  ".gadget/server/dist/AmbientContext.d.ts": "644",
  ".gadget/server/dist/AmbientContext.js": "644",
  ".gadget/server/dist/AmbientContext.js.map": "644",
  ".gadget/server/dist/AppConfigs.d.ts": "644",
  ".gadget/server/dist/AppConfigs.js": "644",
  ".gadget/server/dist/AppConfigs.js.map": "644",
  ".gadget/server/dist/AppConfiguration.d.ts": "644",
  ".gadget/server/dist/AppConfiguration.js": "644",
  ".gadget/server/dist/AppConfiguration.js.map": "644",
  ".gadget/server/dist/AppConnections.d.ts": "644",
  ".gadget/server/dist/AppConnections.js": "644",
  ".gadget/server/dist/AppConnections.js.map": "644",
  ".gadget/server/dist/Session.d.ts": "644",
  ".gadget/server/dist/Session.js": "644",
  ".gadget/server/dist/Session.js.map": "644",
  ".gadget/server/dist/ai/": "755",
  ".gadget/server/dist/ai/index.d.ts": "644",
  ".gadget/server/dist/ai/index.js": "644",
  ".gadget/server/dist/ai/index.js.map": "644",
  ".gadget/server/dist/auth.d.ts": "644",
  ".gadget/server/dist/auth.js": "644",
  ".gadget/server/dist/auth.js.map": "644",
  ".gadget/server/dist/effects.d.ts": "644",
  ".gadget/server/dist/effects.js": "644",
  ".gadget/server/dist/effects.js.map": "644",
  ".gadget/server/dist/email-templates/": "755",
  ".gadget/server/dist/email-templates/index.d.ts": "644",
  ".gadget/server/dist/email-templates/index.js": "644",
  ".gadget/server/dist/email-templates/index.js.map": "644",
  ".gadget/server/dist/email-templates/reset-password.d.ts": "644",
  ".gadget/server/dist/email-templates/reset-password.js": "644",
  ".gadget/server/dist/email-templates/reset-password.js.map": "644",
  ".gadget/server/dist/email-templates/verify-email.d.ts": "644",
  ".gadget/server/dist/email-templates/verify-email.js": "644",
  ".gadget/server/dist/email-templates/verify-email.js.map": "644",
  ".gadget/server/dist/emails.d.ts": "644",
  ".gadget/server/dist/emails.js": "644",
  ".gadget/server/dist/emails.js.map": "644",
  ".gadget/server/dist/errors.d.ts": "644",
  ".gadget/server/dist/errors.js": "644",
  ".gadget/server/dist/errors.js.map": "644",
  ".gadget/server/dist/global-actions.d.ts": "644",
  ".gadget/server/dist/global-actions.js": "644",
  ".gadget/server/dist/global-actions.js.map": "644",
  ".gadget/server/dist/globals.d.ts": "644",
  ".gadget/server/dist/globals.js": "644",
  ".gadget/server/dist/globals.js.map": "644",
  ".gadget/server/dist/index.d.ts": "644",
  ".gadget/server/dist/index.js": "644",
  ".gadget/server/dist/index.js.map": "644",
  ".gadget/server/dist/metadata.d.ts": "644",
  ".gadget/server/dist/metadata.js": "644",
  ".gadget/server/dist/metadata.js.map": "644",
  ".gadget/server/dist/models/": "755",
  ".gadget/server/dist/models/Session.d.ts": "644",
  ".gadget/server/dist/models/Session.js": "644",
  ".gadget/server/dist/models/Session.js.map": "644",
  ".gadget/server/dist/models/User.d.ts": "644",
  ".gadget/server/dist/models/User.js": "644",
  ".gadget/server/dist/models/User.js.map": "644",
  ".gadget/server/dist/nodemailer-transports.d.ts": "644",
  ".gadget/server/dist/nodemailer-transports.js": "644",
  ".gadget/server/dist/nodemailer-transports.js.map": "644",
  ".gadget/server/dist/routes.d.ts": "644",
  ".gadget/server/dist/routes.js": "644",
  ".gadget/server/dist/routes.js.map": "644",
  ".gadget/server/dist/state-chart/": "755",
  ".gadget/server/dist/state-chart/StateMapper.d.ts": "644",
  ".gadget/server/dist/state-chart/StateMapper.js": "644",
  ".gadget/server/dist/state-chart/StateMapper.js.map": "644",
  ".gadget/server/dist/state-chart/index.d.ts": "644",
  ".gadget/server/dist/state-chart/index.js": "644",
  ".gadget/server/dist/state-chart/index.js.map": "644",
  ".gadget/server/dist/tenancy.d.ts": "644",
  ".gadget/server/dist/tenancy.js": "644",
  ".gadget/server/dist/tenancy.js.map": "644",
  ".gadget/server/dist/types.d.ts": "644",
  ".gadget/server/dist/types.js": "644",
  ".gadget/server/dist/types.js.map": "644",
  ".gadget/server/dist/utils.d.ts": "644",
  ".gadget/server/dist/utils.js": "644",
  ".gadget/server/dist/utils.js.map": "644",
  ".gadget/server/package.json": "644",
  ".gadget/server/src/": "755",
  ".gadget/server/src/AccessControlMetadata.ts": "644",
  ".gadget/server/src/AmbientContext.ts": "644",
  ".gadget/server/src/AppConfigs.ts": "644",
  ".gadget/server/src/AppConfiguration.ts": "644",
  ".gadget/server/src/AppConnections.ts": "644",
  ".gadget/server/src/Session.ts": "644",
  ".gadget/server/src/ai/": "755",
  ".gadget/server/src/ai/index.ts": "644",
  ".gadget/server/src/auth.ts": "644",
  ".gadget/server/src/effects.ts": "644",
  ".gadget/server/src/email-templates/": "755",
  ".gadget/server/src/email-templates/index.ts": "644",
  ".gadget/server/src/email-templates/reset-password.ts": "644",
  ".gadget/server/src/email-templates/verify-email.ts": "644",
  ".gadget/server/src/emails.ts": "644",
  ".gadget/server/src/errors.ts": "644",
  ".gadget/server/src/global-actions.ts": "644",
  ".gadget/server/src/globals.ts": "644",
  ".gadget/server/src/index.ts": "644",
  ".gadget/server/src/metadata.d.ts": "644",
  ".gadget/server/src/metadata.ts": "644",
  ".gadget/server/src/models/": "755",
  ".gadget/server/src/models/Session.ts": "644",
  ".gadget/server/src/models/User.ts": "644",
  ".gadget/server/src/nodemailer-transports.ts": "644",
  ".gadget/server/src/routes.ts": "644",
  ".gadget/server/src/state-chart/": "755",
  ".gadget/server/src/state-chart/StateMapper.ts": "644",
  ".gadget/server/src/state-chart/index.ts": "644",
  ".gadget/server/src/tenancy.ts": "644",
  ".gadget/server/src/types.ts": "644",
  ".gadget/server/src/utils.ts": "644",
  ".gadget/server/tsconfig.json": "644",
  "frontend/": "755",
  "frontend/App.css": "755",
  "frontend/App.jsx": "755",
  "frontend/api.js": "755",
  "frontend/assets/": "755",
  "frontend/assets/default-background.svg": "755",
  "frontend/assets/default-user-icon.svg": "755",
  "frontend/assets/google.svg": "755",
  "frontend/assets/react-logo.svg": "755",
  "frontend/main.jsx": "755",
  "frontend/routes/": "755",
  "frontend/routes/change-password.jsx": "755",
  "frontend/routes/forgot-password.jsx": "755",
  "frontend/routes/index.jsx": "755",
  "frontend/routes/reset-password.jsx": "755",
  "frontend/routes/sign-in.jsx": "755",
  "frontend/routes/sign-up.jsx": "755",
  "frontend/routes/signed-in.jsx": "755",
  "frontend/routes/verify-email.jsx": "755",
  "index.html": "755",
  "package.json": "755",
  "routes/": "755",
  "routes/GET-hello.js": "755",
  "user/": "755",
  "user/actions/": "755",
  "user/actions/changePassword.js": "755",
  "user/actions/delete.js": "755",
  "user/actions/resetPassword.js": "755",
  "user/actions/sendResetPassword.js": "755",
  "user/actions/sendVerifyEmail.js": "755",
  "user/actions/signIn.js": "755",
  "user/actions/signOut.js": "755",
  "user/actions/signUp.js": "755",
  "user/actions/update.js": "755",
  "user/actions/verifyEmail.js": "755",
  "user/filters/": "755",
  "user/filters/tenant.gelly": "755",
  "vite.config.js": "755",
  "yarn.lock": "644",
}
`;
