// Vitest Snapshot v1, https://vitest.dev/guide/snapshot.html

exports[`args > AppArg > rejects ~ 1`] = `
"The app option must be the application's slug or URL

Examples:

  --app my-app
  --app my-app.gadget.app
  --app https://my-app.gadget.app
  --app https://my-app.gadget.app/edit
  --app https://my-app--development.gadget.app/edit"
`;
