// Vitest Snapshot v1, https://vitest.dev/guide/snapshot.html

exports[`AppIdentity.load > production environment access > does not allow --env=production when the command is "add" 1`] = `[Error: You cannot "ggt add" your production environment.]`;

exports[`AppIdentity.load > production environment access > does not allow --env=production when the command is "agent-plugin" 1`] = `[Error: You cannot "ggt agent-plugin" your production environment.]`;

exports[`AppIdentity.load > production environment access > does not allow --env=production when the command is "completion" 1`] = `[Error: You cannot "ggt completion" your production environment.]`;

exports[`AppIdentity.load > production environment access > does not allow --env=production when the command is "configure" 1`] = `[Error: You cannot "ggt configure" your production environment.]`;

exports[`AppIdentity.load > production environment access > does not allow --env=production when the command is "debugger" 1`] = `[Error: You cannot "ggt debugger" your production environment.]`;

exports[`AppIdentity.load > production environment access > does not allow --env=production when the command is "deploy" 1`] = `[Error: You cannot "ggt deploy" your production environment.]`;

exports[`AppIdentity.load > production environment access > does not allow --env=production when the command is "dev" 1`] = `[Error: You cannot "ggt dev" your production environment.]`;

exports[`AppIdentity.load > production environment access > does not allow --env=production when the command is "env" 1`] = `[Error: You cannot "ggt env" your production environment.]`;

exports[`AppIdentity.load > production environment access > does not allow --env=production when the command is "list" 1`] = `[Error: You cannot "ggt list" your production environment.]`;

exports[`AppIdentity.load > production environment access > does not allow --env=production when the command is "login" 1`] = `[Error: You cannot "ggt login" your production environment.]`;

exports[`AppIdentity.load > production environment access > does not allow --env=production when the command is "logout" 1`] = `[Error: You cannot "ggt logout" your production environment.]`;

exports[`AppIdentity.load > production environment access > does not allow --env=production when the command is "open" 1`] = `[Error: You cannot "ggt open" your production environment.]`;

exports[`AppIdentity.load > production environment access > does not allow --env=production when the command is "problems" 1`] = `[Error: You cannot "ggt problems" your production environment.]`;

exports[`AppIdentity.load > production environment access > does not allow --env=production when the command is "push" 1`] = `[Error: You cannot "ggt push" your production environment.]`;

exports[`AppIdentity.load > production environment access > does not allow --env=production when the command is "status" 1`] = `[Error: You cannot "ggt status" your production environment.]`;

exports[`AppIdentity.load > production environment access > does not allow --env=production when the command is "version" 1`] = `[Error: You cannot "ggt version" your production environment.]`;

exports[`AppIdentity.load > production environment access > does not allow --env=production when the command is "whoami" 1`] = `[Error: You cannot "ggt whoami" your production environment.]`;
